Processing matouch43 (platform: https://github.com/pioarduino/platform-espressif32/releases/download/55.03.38-1/platform-espressif32.zip; board: esp32-s3-devkitc1-n16r8; framework: arduino)
--------------------------------------------------------------------------------
Verbose mode can be enabled via `-v, --verbose` option
CONFIGURATION: https://docs.platformio.org/page/boards/espressif32/esp32-s3-devkitc1-n16r8.html
PLATFORM: Espressif 32 (55.3.38) > Espressif ESP32-S3-DevKitC-1-N16R8V (16 MB Flash Quad, 8 MB PSRAM Octal)
HARDWARE: ESP32S3 240MHz, 320KB RAM, 16MB Flash
DEBUG: Current (esp-builtin) On-board (esp-builtin) External (cmsis-dap, esp-bridge, esp-prog, esp-prog-2, iot-bus-jtag, jlink, minimodule, olimex-arm-usb-ocd, olimex-arm-usb-ocd-h, olimex-arm-usb-tiny-h, olimex-jtag-tiny, tumpa)
PACKAGES: 
 - contrib-piohome @ 3.4.4 
 - framework-arduinoespressif32 @ 3.3.8 
 - framework-arduinoespressif32-libs @ 5.5.4+sha.735507283d 
 - tool-esp-rom-elfs @ 2024.10.11 
 - tool-esptoolpy @ 5.2.0 
 - tool-xtensa-esp-elf-gdb @ 16.3.0+20250913 
 - toolchain-xtensa-esp-elf @ 14.2.0+20260121
LDF: Library Dependency Finder -> https://bit.ly/configure-pio-ldf
LDF Modes: Finder ~ chain, Compatibility ~ soft
Found 51 compatible libraries
Scanning dependencies...
Dependency Graph
|-- LovyanGFX @ 1.2.21
|-- lvgl @ 9.2.2
|-- ESP8266Audio @ 1.9.9
|-- ArduinoJson @ 7.4.3
|-- Adafruit SGP30 Sensor @ 2.0.3
|-- Adafruit SHT31 Library @ 2.2.2
|-- Adafruit BusIO @ 1.17.4
|-- LittleFS @ 3.3.8
|-- Wire @ 3.3.8
|-- SD @ 3.3.8
|-- SPI @ 3.3.8
|-- DNSServer @ 3.3.8
|-- WebServer @ 3.3.8
|-- WiFi @ 3.3.8
Building in release mode
Retrieving maximum program size .pio\build\matouch43\firmware.elf
Checking size .pio\build\matouch43\firmware.elf
Advanced Memory Usage is available via "PlatformIO Home > Project Inspect"
RAM:   [====      ]  35.3% (used 115604 bytes from 327680 bytes)
Flash: [===       ]  28.5% (used 1790927 bytes from 6291456 bytes)
========================= [SUCCESS] Took 29.66 seconds =========================
